[    0.000000] Initializing cgroup subsys cpuset
[    0.000000] Initializing cgroup subsys cpu
[    0.000000] Initializing cgroup subsys cpuacct
[    0.000000] Linux version 4.4.0-177-generic (buildd@lgw01-amd64-035) (gcc version 5.4.0 20160609 (Ubuntu 5.4.0-6ubuntu1~16.04.12) ) #207-Ubuntu SMP Mon Mar 16 01:16:10 UTC 2020 (Ubuntu 4.4.0-177.207-generic 4.4.214)
[    0.000000] Command line: BOOT_IMAGE=/boot/vmlinuz-4.4.0-177-generic root=LABEL=cloudimg-rootfs ro console=tty1 console=ttyS0
[    0.000000] KERNEL supported cpus:
[    0.000000]   Intel GenuineIntel
[    0.000000]   AMD AuthenticAMD
[    0.000000]   Centaur CentaurHauls
[    0.000000] x86/fpu: xstate_offset[2]:  576, xstate_sizes[2]:  256
[    0.000000] x86/fpu: Supporting XSAVE feature 0x01: 'x87 floating point registers'
[    0.000000] x86/fpu: Supporting XSAVE feature 0x02: 'SSE registers'
[    0.000000] x86/fpu: Supporting XSAVE feature 0x04: 'AVX registers'
[    0.000000] x86/fpu: Enabled xstate features 0x7, context size is 832 bytes, using 'standard' format.
[    0.000000] e820: BIOS-provided physical RAM map:
[    0.000000] BIOS-e820: [mem 0x0000000000000000-0x000000000009fbff] usable
[    0.000000] BIOS-e820: [mem 0x000000000009fc00-0x000000000009ffff] reserved
[    0.000000] BIOS-e820: [mem 0x00000000000f0000-0x00000000000fffff] reserved
[    0.000000] BIOS-e820: [mem 0x0000000000100000-0x000000007ffeffff] usable
[    0.000000] BIOS-e820: [mem 0x000000007fff0000-0x000000007fffffff] ACPI data
[    0.000000] BIOS-e820: [mem 0x00000000fec00000-0x00000000fec00fff] reserved
[    0.000000] BIOS-e820: [mem 0x00000000fee00000-0x00000000fee00fff] reserved
[    0.000000] BIOS-e820: [mem 0x00000000fffc0000-0x00000000ffffffff] reserved
[    0.000000] NX (Execute Disable) protection: active
[    0.000000] SMBIOS 2.5 present.
[    0.000000] Hypervisor detected: KVM
[    0.000000] e820: last_pfn = 0x7fff0 max_arch_pfn = 0x400000000
[    0.000000] MTRR: Disabled
[    0.000000] x86/PAT: MTRRs disabled, skipping PAT initialization too.
[    0.000000] CPU MTRRs all blank - virtualized system.
[    0.000000] x86/PAT: Configuration [0-7]: WB  WT  UC- UC  WB  WT  UC- UC  
[    0.000000] found SMP MP-table at [mem 0x0009fff0-0x0009ffff] mapped at [ffff88000009fff0]
[    0.000000] Scanning 1 areas for low memory corruption
[    0.000000] RAMDISK: [mem 0x362e2000-0x37168fff]
[    0.000000] ACPI: Early table checksum verification disabled
[    0.000000] ACPI: RSDP 0x00000000000E0000 000024 (v02 VBOX  )
[    0.000000] ACPI: XSDT 0x000000007FFF0030 00003C (v01 VBOX   VBOXXSDT 00000001 ASL  00000061)
[    0.000000] ACPI: FACP 0x000000007FFF00F0 0000F4 (v04 VBOX   VBOXFACP 00000001 ASL  00000061)
[    0.000000] ACPI: DSDT 0x000000007FFF0470 002325 (v02 VBOX   VBOXBIOS 00000002 INTL 20100528)
[    0.000000] ACPI: FACS 0x000000007FFF0200 000040
[    0.000000] ACPI: FACS 0x000000007FFF0200 000040
[    0.000000] ACPI: APIC 0x000000007FFF0240 00005C (v02 VBOX   VBOXAPIC 00000001 ASL  00000061)
[    0.000000] ACPI: SSDT 0x000000007FFF02A0 0001CC (v01 VBOX   VBOXCPUT 00000002 INTL 20100528)
[    0.000000] No NUMA configuration found
[    0.000000] Faking a node at [mem 0x0000000000000000-0x000000007ffeffff]
[    0.000000] NODE_DATA(0) allocated [mem 0x7ffeb000-0x7ffeffff]
[    0.000000] kvm-clock: Using msrs 4b564d01 and 4b564d00
[    0.000000] kvm-clock: cpu 0, msr 0:7ffe3001, primary cpu clock
[    0.000000] kvm-clock: using sched offset of 4444355718 cycles
[    0.000000] clocksource: kvm-clock: mask: 0xffffffffffffffff max_cycles: 0x1cd42e4dffb, max_idle_ns: 881590591483 ns
[    0.000000] Zone ranges:
[    0.000000]   DMA      [mem 0x0000000000001000-0x0000000000ffffff]
[    0.000000]   DMA32    [mem 0x0000000001000000-0x000000007ffeffff]
[    0.000000]   Normal   empty
[    0.000000]   Device   empty
[    0.000000] Movable zone start for each node
[    0.000000] Early memory node ranges
[    0.000000]   node   0: [mem 0x0000000000001000-0x000000000009efff]
[    0.000000]   node   0: [mem 0x0000000000100000-0x000000007ffeffff]
[    0.000000] Initmem setup node 0 [mem 0x0000000000001000-0x000000007ffeffff]
[    0.000000] ACPI: PM-Timer IO Port: 0x4008
[    0.000000] IOAPIC[0]: apic_id 2, version 32, address 0xfec00000, GSI 0-23
[    0.000000] ACPI: INT_SRC_OVR (bus 0 bus_irq 0 global_irq 2 dfl dfl)
[    0.000000] ACPI: INT_SRC_OVR (bus 0 bus_irq 9 global_irq 9 low level)
[    0.000000] Using ACPI (MADT) for SMP configuration information
[    0.000000] smpboot: Allowing 2 CPUs, 0 hotplug CPUs
[    0.000000] PM: Registered nosave memory: [mem 0x00000000-0x00000fff]
[    0.000000] PM: Registered nosave memory: [mem 0x0009f000-0x0009ffff]
[    0.000000] PM: Registered nosave memory: [mem 0x000a0000-0x000effff]
[    0.000000] PM: Registered nosave memory: [mem 0x000f0000-0x000fffff]
[    0.000000] e820: [mem 0x80000000-0xfebfffff] available for PCI devices
[    0.000000] Booting paravirtualized kernel on KVM
[    0.000000] clocksource: refined-jiffies: mask: 0xffffffff max_cycles: 0xffffffff, max_idle_ns: 7645519600211568 ns
[    0.000000] setup_percpu: NR_CPUS:512 nr_cpumask_bits:512 nr_cpu_ids:2 nr_node_ids:1
[    0.000000] PERCPU: Embedded 33 pages/cpu @ffff88007fc00000 s95448 r8192 d31528 u1048576
[    0.000000] Built 1 zonelists in Node order, mobility grouping on.  Total pages: 515960
[    0.000000] Policy zone: DMA32
[    0.000000] Kernel command line: BOOT_IMAGE=/boot/vmlinuz-4.4.0-177-generic root=LABEL=cloudimg-rootfs ro console=tty1 console=ttyS0
[    0.000000] PID hash table entries: 4096 (order: 3, 32768 bytes)
[    0.000000] Memory: 2029868K/2096696K available (8626K kernel code, 1336K rwdata, 4036K rodata, 1488K init, 1292K bss, 66828K reserved, 0K cma-reserved)
[    0.000000] SLUB: HWalign=64, Order=0-3, MinObjects=0, CPUs=2, Nodes=1
[    0.000000] Kernel/User page tables isolation: enabled
[    0.000000] Hierarchical RCU implementation.
[    0.000000] 	Build-time adjustment of leaf fanout to 64.
[    0.000000] 	RCU restricting CPUs from NR_CPUS=512 to nr_cpu_ids=2.
[    0.000000] RCU: Adjusting geometry for rcu_fanout_leaf=64, nr_cpu_ids=2
[    0.000000] NR_IRQS:33024 nr_irqs:440 16
[    0.000000] Console: colour VGA+ 80x25
[    0.000000] console [tty1] enabled
[    0.000000] console [ttyS0] enabled
[    0.000000] tsc: Detected 2494.316 MHz processor
[    0.320685] Calibrating delay loop (skipped) preset value.. 4988.63 BogoMIPS (lpj=9977264)
[    0.324154] pid_max: default: 32768 minimum: 301
[    0.326068] ACPI: Core revision 20150930
[    0.328947] ACPI: 2 ACPI AML tables successfully acquired and loaded
[    0.331711] Security Framework initialized
[    0.333362] Yama: becoming mindful.
[    0.334851] AppArmor: AppArmor initialized
[    0.338106] Dentry cache hash table entries: 262144 (order: 9, 2097152 bytes)
[    0.341393] Inode-cache hash table entries: 131072 (order: 8, 1048576 bytes)
[    0.345815] Mount-cache hash table entries: 4096 (order: 3, 32768 bytes)
[    0.348494] Mountpoint-cache hash table entries: 4096 (order: 3, 32768 bytes)
[    0.351387] Initializing cgroup subsys io
[    0.353074] Initializing cgroup subsys memory
[    0.354885] Initializing cgroup subsys devices
[    0.356728] Initializing cgroup subsys freezer
[    0.358621] Initializing cgroup subsys net_cls
[    0.360581] Initializing cgroup subsys perf_event
[    0.362552] Initializing cgroup subsys net_prio
[    0.364603] Initializing cgroup subsys hugetlb
[    0.366395] Initializing cgroup subsys pids
[    0.368253] mce: CPU supports 0 MCE banks
[    0.370027] Last level iTLB entries: 4KB 512, 2MB 8, 4MB 8
[    0.372254] Last level dTLB entries: 4KB 512, 2MB 32, 4MB 32, 1GB 0
[    0.374622] Spectre V1 : Mitigation: usercopy/swapgs barriers and __user pointer sanitization
[    0.378259] Spectre V2 : Mitigation: Full generic retpoline
[    0.380549] Spectre V2 : Spectre v2 / SpectreRSB mitigation: Filling RSB on context switch
[    0.383877] Speculative Store Bypass: Vulnerable
[    0.385750] MDS: Mitigation: Clear CPU buffers
[    0.391369] Freeing SMP alternatives memory: 36K
[    0.401716] ftrace: allocating 32304 entries in 127 pages
[    0.478816] smpboot: APIC(0) Converting physical 0 to logical package 0
[    0.481543] smpboot: Max logical packages: 1
[    0.483657] x2apic enabled
[    0.485173] Switched APIC routing to physical x2apic.
[    0.488530] ..TIMER: vector=0x30 apic1=0 pin1=2 apic2=-1 pin2=-1
[    0.599045] smpboot: CPU0: Intel(R) Core(TM) i5-2400S CPU @ 2.50GHz (family: 0x6, model: 0x2a, stepping: 0x7)
[    0.605846] Performance Events: unsupported p6 CPU model 42 no PMU driver, software events only.
[    0.622516] KVM setup paravirtual spinlock
[    0.627898] x86: Booting SMP configuration:
[    0.630993] .... node  #0, CPUs:      #1
[    0.637334] kvm-clock: cpu 1, msr 0:7ffe3041, secondary cpu clock
[    0.639870] mce: CPU supports 0 MCE banks
[    0.644311] x86: Booted up 1 node, 2 CPUs
[    0.651970] smpboot: Total of 2 processors activated (9977.26 BogoMIPS)
[    0.663579] devtmpfs: initialized
[    0.678232] evm: security.selinux
[    0.683838] evm: security.SMACK64
[    0.689621] evm: security.SMACK64EXEC
[    0.695061] evm: security.SMACK64TRANSMUTE
[    0.701139] evm: security.SMACK64MMAP
[    0.710858] evm: security.ima
[    0.718884] evm: security.capability
[    0.726558] clocksource: jiffies: mask: 0xffffffff max_cycles: 0xffffffff, max_idle_ns: 7645041785100000 ns
[    0.732838] futex hash table entries: 512 (order: 3, 32768 bytes)
[    0.735492] pinctrl core: initialized pinctrl subsystem
[    0.740741] RTC time:  1:35:46, date: 04/11/20
[    0.752974] NET: Registered protocol family 16
[    0.764605] cpuidle: using governor ladder
[    0.776733] cpuidle: using governor menu
[    0.778463] PCCT header not found.
[    0.779938] ACPI: bus type PCI registered
[    0.781673] acpiphp: ACPI Hot Plug PCI Controller Driver version: 0.5
[    0.784331] PCI: Using configuration type 1 for base access
[    0.797478] ACPI: Added _OSI(Module Device)
[    0.799244] ACPI: Added _OSI(Processor Device)
[    0.801350] ACPI: Added _OSI(3.0 _SCP Extensions)
[    0.803700] ACPI: Added _OSI(Processor Aggregator Device)
[    0.807629] ACPI: Executed 1 blocks of module-level executable AML code
[    0.813400] ACPI: Interpreter enabled
[    0.815028] ACPI: (supports S0 S5)
[    0.816639] ACPI: Using IOAPIC for interrupt routing
[    0.818957] PCI: Using host bridge windows from ACPI; if necessary, use "pci=nocrs" and report a bug
[    0.829731] ACPI: PCI Root Bridge [PCI0] (domain 0000 [bus 00-ff])
[    0.832135] acpi PNP0A03:00: _OSC: OS supports [ASPM ClockPM Segments MSI]
[    0.835280] acpi PNP0A03:00: _OSC: not requesting OS control; OS requires [ExtendedConfig ASPM ClockPM MSI]
[    0.839527] acpi PNP0A03:00: fail to add MMCONFIG information, can't access extended PCI configuration space under this bridge.
[    0.845455] PCI host bridge to bus 0000:00
[    0.847966] pci_bus 0000:00: root bus resource [io  0x0000-0x0cf7 window]
[    0.852533] pci_bus 0000:00: root bus resource [io  0x0d00-0xffff window]
[    0.860969] pci_bus 0000:00: root bus resource [mem 0x000a0000-0x000bffff window]
[    0.864279] pci_bus 0000:00: root bus resource [mem 0x80000000-0xfdffffff window]
[    0.867524] pci_bus 0000:00: root bus resource [bus 00-ff]
[    0.874457] pci 0000:00:01.1: legacy IDE quirk: reg 0x10: [io  0x01f0-0x01f7]
[    0.877531] pci 0000:00:01.1: legacy IDE quirk: reg 0x14: [io  0x03f6]
[    0.880061] pci 0000:00:01.1: legacy IDE quirk: reg 0x18: [io  0x0170-0x0177]
[    0.882875] pci 0000:00:01.1: legacy IDE quirk: reg 0x1c: [io  0x0376]
[    0.924576] pci 0000:00:07.0: quirk: [io  0x4000-0x403f] claimed by PIIX4 ACPI
[    0.928061] pci 0000:00:07.0: quirk: [io  0x4100-0x410f] claimed by PIIX4 SMB
[    0.955107] ACPI: PCI Interrupt Link [LNKA] (IRQs 5 9 10 *11)
[    0.958099] ACPI: PCI Interrupt Link [LNKB] (IRQs 5 9 *10 11)
[    0.960940] ACPI: PCI Interrupt Link [LNKC] (IRQs 5 *9 10 11)
[    0.963798] ACPI: PCI Interrupt Link [LNKD] (IRQs 5 9 10 *11)
[    0.966714] ACPI: Enabled 2 GPEs in block 00 to 07
[    0.969084] vgaarb: setting as boot device: PCI:0000:00:02.0
[    0.971419] vgaarb: device added: PCI:0000:00:02.0,decodes=io+mem,owns=io+mem,locks=none
[    0.974630] vgaarb: loaded
[    0.975790] vgaarb: bridge control possible 0000:00:02.0
[    0.978374] SCSI subsystem initialized
[    0.980062] ACPI: bus type USB registered
[    0.981685] usbcore: registered new interface driver usbfs
[    0.983775] usbcore: registered new interface driver hub
[    0.985874] usbcore: registered new device driver usb
[    0.988170] PCI: Using ACPI for IRQ routing
[    0.990443] NetLabel: Initializing
[    0.992078] NetLabel:  domain hash size = 128
[    0.994065] NetLabel:  protocols = UNLABELED CIPSOv4
[    0.996026] NetLabel:  unlabeled traffic allowed by default
[    0.998498] amd_nb: Cannot enumerate AMD northbridges
[    1.000528] clocksource: Switched to clocksource kvm-clock
[    1.011039] AppArmor: AppArmor Filesystem Enabled
[    1.013063] pnp: PnP ACPI init
[    1.015990] pnp: PnP ACPI: found 3 devices
[    1.030995] clocksource: acpi_pm: mask: 0xffffff max_cycles: 0xffffff, max_idle_ns: 2085701024 ns
[    1.034544] NET: Registered protocol family 2
[    1.036400] TCP established hash table entries: 16384 (order: 5, 131072 bytes)
[    1.039427] TCP bind hash table entries: 16384 (order: 6, 262144 bytes)
[    1.042160] TCP: Hash tables configured (established 16384 bind 16384)
[    1.044538] UDP hash table entries: 1024 (order: 3, 32768 bytes)
[    1.046901] UDP-Lite hash table entries: 1024 (order: 3, 32768 bytes)
[    1.049527] NET: Registered protocol family 1
[    1.051212] pci 0000:00:00.0: Limiting direct PCI/PCI transfers
[    1.053670] pci 0000:00:01.0: Activating ISA DMA hang workarounds
[    1.056186] Unpacking initramfs...
[    1.315501] Freeing initrd memory: 14876K
[    1.317425] RAPL PMU detected, API unit is 2^-32 Joules, 3 fixed counters 10737418240 ms ovfl timer
[    1.320972] hw unit of domain pp0-core 2^-0 Joules
[    1.323002] hw unit of domain package 2^-0 Joules
[    1.324884] hw unit of domain pp1-gpu 2^-0 Joules
[    1.326958] clocksource: tsc: mask: 0xffffffffffffffff max_cycles: 0x23f4406cc0d, max_idle_ns: 440795293671 ns
[    1.331010] platform rtc_cmos: registered platform RTC device (no PNP device found)
[    1.334479] Scanning for low memory corruption every 60 seconds
[    1.337793] audit: initializing netlink subsys (disabled)
[    1.339999] audit: type=2000 audit(1586568952.616:1): initialized
[    1.342893] Initialise system trusted keyring
[    1.345053] HugeTLB registered 2 MB page size, pre-allocated 0 pages
[    1.348936] zbud: loaded
[    1.350560] VFS: Disk quotas dquot_6.6.0
[    1.352202] VFS: Dquot-cache hash table entries: 512 (order 0, 4096 bytes)
[    1.355148] squashfs: version 4.0 (2009/01/31) Phillip Lougher
[    1.357856] fuse init (API version 7.23)
[    1.359597] Key type big_key registered
[    1.361245] Allocating IMA MOK and blacklist keyrings.
[    1.364777] Key type asymmetric registered
[    1.366382] Asymmetric key parser 'x509' registered
[    1.368215] Block layer SCSI generic (bsg) driver version 0.4 loaded (major 249)
[    1.371295] io scheduler noop registered
[    1.373125] io scheduler deadline registered (default)
[    1.375100] io scheduler cfq registered
[    1.376775] pci_hotplug: PCI Hot Plug PCI Core version: 0.5
[    1.378993] pciehp: PCI Express Hot Plug Controller Driver version: 0.4
[    1.381777] ACPI: AC Adapter [AC] (on-line)
[    1.383570] input: Power Button as /devices/LNXSYSTM:00/LNXPWRBN:00/input/input0
[    1.386570] ACPI: Power Button [PWRF]
[    1.388043] input: Sleep Button as /devices/LNXSYSTM:00/LNXSLPBN:00/input/input1
[    1.391040] ACPI: Sleep Button [SLPF]
[    1.393709] GHES: HEST is not enabled!
[    1.395998] virtio-pci 0000:00:03.0: virtio_pci: leaving for legacy driver
[    1.398825] Serial: 8250/16550 driver, 32 ports, IRQ sharing enabled
[    1.422385] 00:02: ttyS0 at I/O 0xf8 (irq = 4, base_baud = 115200) is  16550A
    1.427901] Linux agpgart interfac v0.103
[    1.433596] loop: module loaded
[    1.435815] scsi host0: ata_piix
[    1.437558] scsi host1: ata_piix
[    1.439058] ata1: PATA max UDMA/33 cmd 0x1f0 ctl 0x3f6 bmdma 0xd000 irq 14
[    1.441721] ata2: PATA max UDMA/33 cmd 0x170 ctl 0x376 bmdma 0xd008 irq 15
[    1.444927] libphy: Fixed MDIO Bus: probed
[    1.446574] tun: Universal TUN/TAP device driver, 1.6
[    1.448581] tun: (C) 1999-2004 Max Krasnyansky <maxk@qualcomm.com>
[    1.451507] PPP generic driver version 2.4.2
[    1.453432] ehci_hcd: USB 2.0 'Enhanced' Host Controller (EHCI) Driver
[    1.455936] ehci-pci: EHCI PCI platform driver
[    1.457847] ehci-platform: EHCI generic platform driver
[    1.459997] ohci_hcd: USB 1.1 'Open' Host Controller (OHCI) Driver
[    1.462472] ohci-pci: OHCI PCI platform driver
[    1.464285] ohci-platform: OHCI generic platform driver
[    1.471067] uhci_hcd: USB Universal Host Controller Interface driver
[    1.474027] i8042: PNP: PS/2 Controller [PNP0303:PS2K,PNP0f03:PS2M] at 0x60,0x64 irq 1,12
[    1.479039] serio: i8042 KBD port at 0x60,0x64 irq 1
[    1.483153] serio: i8042 AUX port at 0x60,0x64 irq 12
[    1.486598] mousedev: PS/2 mouse device common for all mice
[    1.493142] rtc_cmos rtc_cmos: rtc core: registered rtc_cmos as rtc0
[    1.497510] rtc_cmos rtc_cmos: alarms up to one day, 114 bytes nvram
[    1.500964] i2c /dev entries driver
[    1.502865] input: AT Translated Set 2 keyboard as /devices/platform/i8042/serio0/input/input2
[    1.506681] device-mapper: uevent: version 1.0.3
[    1.508835] device-mapper: ioctl: 4.34.0-ioctl (2015-10-28) initialised: dm-devel@redhat.com
[    1.512468] ledtrig-cpu: registered to indicate activity on CPUs
[    1.515613] NET: Registered protocol family 10
[    1.518032] NET: Registered protocol family 17
[    1.519816] Key type dns_resolver registered
[    1.522099] registered taskstats version 1
[    1.523777] Loading compiled-in X.509 certificates
[    1.526494] Loaded X.509 cert 'Build time autogenerated kernel key: a048edf52b07f04005c7780de0f875c713550332'
[    1.530750] zswap: loaded using pool lzo/zbud
[    1.535387] Key type trusted registered
[    1.541967] Key type encrypted registered
[    1.543728] AppArmor: AppArmor sha1 policy hashing enabled
[    1.546138] ima: No TPM chip found, activating TPM-bypass!
[    1.548331] ima: Allocated hash algorithm: sha1
[    1.550340] evm: HMAC attrs: 0x1
[    1.552355]   Magic number: 0:944:558
[    1.553949] tty ttyS30: hash matches
[    1.555457] misc vga_arbiter: hash matches
[    1.557336] rtc_cmos rtc_cmos: setting system clock to 2020-04-11 01:35:47 UTC (1586568947)
[    1.560992] BIOS EDD facility v0.16 2004-Jun-25, 0 devices found
[    1.563417] EDD information not available.
[    1.628026] Freeing unused kernel memory: 1488K
[    1.630127] Write protecting the kernel read-only data: 14336k
[    1.633236] Freeing unused kernel memory: 1604K
[    1.636112] Freeing unused kernel memory: 60K
Loading, please wait...
starting version 229
[    1.656806] random: systemd-udevd: uninitialized urandom read (16 bytes read, 2 bits of entropy available)
[    1.657571] random: udevadm: uninitialized urandom read (16 bytes read, 2 bits of entropy available)
[    1.657600] random: udevadm: uninitialized urandom read (16 bytes read, 2 bits of entropy available)
[    1.669240] random: systemd-udevd: uninitialized urandom read (16 bytes read, 2 bits of entropy available)
[    1.672411] random: udevadm: uninitialized urandom read (16 bytes read, 2 bits of entropy available)
[    1.672475] random: udevadm: uninitialized urandom read (16 bytes read, 2 bits of entropy available)
[    1.672783] random: udevadm: uninitialized urandom read (16 bytes read, 2 bits of entropy available)
[    1.672867] random: udevadm: uninitialized urandom read (16 bytes read, 2 bits of entropy available)
[    1.672946] random: udevadm: uninitialized urandom read (16 bytes read, 2 bits of entropy available)
[    1.673078] random: udevadm: uninitialized urandom read (16 bytes read, 2 bits of entropy available)
[    1.742608] virtio_net virtio0 enp0s3: renamed from eth0
[    1.745939] e1000: Intel(R) PRO/1000 Network Driver - version 7.3.21-k8-NAPI
[    1.748567] e1000: Copyright (c) 1999-2006 Intel Corporation.
[    1.752389] Fusion MPT base driver 3.04.20
[    1.754869] Copyright (c) 1999-2008 LSI Corporation
[    1.800093] AVX version of gcm_enc/dec engaged.
[    1.802911] AES CTR mode by8 optimization enabled
[    1.806445] Fusion MPT SPI Host driver 3.04.20
[    2.023032] input: ImExPS/2 Generic Explorer Mouse as /devices/platform/i8042/serio1/input/input4
[    2.356867] e1000 0000:00:08.0 eth0: (PCI:33MHz:32-bit) 08:00:27:ec:ab:37
[    2.375426] e1000 0000:00:08.0 eth0: Intel(R) PRO/1000 Network Connection
[    2.400663] mptbase: ioc0: Initiating bringup
[    2.400997] e1000 0000:00:08.0 enp0s8: renamed from eth0
[    2.485090] ioc0: LSI53C1030 A0: Capabilities={Initiator}
[    2.680071] scsi host2: ioc0: LSI53C1030 A0, FwRev=00000000h, Ports=1, MaxQ=256, IRQ=20
[    2.798183] scsi 2:0:0:0: Direct-Access     VBOX     HARDDISK         1.0  PQ: 0 ANSI: 5
[    2.815674] scsi target2:0:0: Beginning Domain Validation
[    2.834789] scsi target2:0:0: Domain Validation skipping write tests
[    2.837425] scsi target2:0:0: Ending Domain Validation
[    2.839727] scsi target2:0:0: asynchronous
[    2.842619] scsi 2:0:1:0: Direct-Access     VBOX     HARDDISK         1.0  PQ: 0 ANSI: 5
[    2.846250] scsi target2:0:1: Beginning Domain Validation
[    2.851873] scsi target2:0:1: Domain Validation skipping write tests
[    2.854348] scsi target2:0:1: Ending Domain Validation
[    2.858513] scsi target2:0:1: asynchronous
[    2.872714] sd 2:0:0:0: Attached scsi generic sg0 type 0
[    2.875178] sd 2:0:0:0: [sda] 20971520 512-byte logical blocks: (10.7 GB/10.0 GiB)
[    2.878575] sd 2:0:1:0: Attached scsi generic sg1 type 0
[    2.878916] sd 2:0:1:0: [sdb] 20480 512-byte logical blocks: (10.5 MB/10.0 MiB)
[    2.879253] sd 2:0:1:0: [sdb] Write Protect is off
[    2.879482] sd 2:0:1:0: [sdb] Incomplete mode parameter data
[    2.879483] sd 2:0:1:0: [sdb] Assuming drive cache: write through
[    2.885086] sd 2:0:0:0: [sda] Write Protect is off
[    2.885408] sd 2:0:0:0: [sda] Incomplete mode parameter data
[    2.885409] sd 2:0:0:0: [sda] Assuming drive cache: write through
[    2.894800] sd 2:0:1:0: [sdb] Attached SCSI disk
[    2.894965]  sda: sda1
[    2.896128] sd 2:0:0:0: [sda] Attached SCSI disk
Begin: Loading essential drivers ... [    4.386209] md: linear personality registered for level -1
[    4.391698] md: multipath personality registered for level -4
[    4.397344] md: raid0 personality registered for level 0
[    4.404283] md: raid1 personality registered for level 1
[    4.476552] raid6: sse2x1   gen()  6922 MB/s
[    4.544591] raid6: sse2x1   xor()  5303 MB/s
[    4.612811] raid6: sse2x2   gen()  8797 MB/s
[    4.680837] raid6: sse2x2   xor()  6233 MB/s
[    4.748759] raid6: sse2x4   gen() 10029 MB/s
[    4.816824] raid6: sse2x4   xor()  7852 MB/s
[    4.818519] raid6: using algorithm sse2x4 gen() 10029 MB/s
[    4.820745] raid6: .... xor() 7852 MB/s, rmw enabled
[    4.822708] raid6: using ssse3x2 recovery algorithm
[    4.826244] xor: automatically using best checksumming function:
[    4.864811]    avx       : 18204.000 MB/sec
[    4.868594] async_tx: api initialized (async)
[    4.888280] md: raid6 personality registered for level 6
[    4.890515] md: raid5 personality registered for level 5
[    4.892611] md: raid4 personality registered for level 4
[    4.904558] md: raid10 personality registered for level 10
done.
Begin: Running /scripts/init-premount ... done.
Begin: Mounting root file system ... Begin: Running /scripts/local-top ... done.
Begin: Running /scripts/local-premount ... [    4.953115] Btrfs loaded
Scanning for Btrfs filesystems
done.
Warning: fsck not present, so skipping root file system
[    4.993829] EXT4-fs (sda1): mounted filesystem with ordered data mode. Opts: (null)
done.
Begin: Running /scripts/local-bottom ... done.
Begin: Running /scripts/init-bottom ... done.
[    5.161545] systemd[1]: systemd 229 running in system mode. (+PAM +AUDIT +SELINUX +IMA +APPARMOR +SMACK +SYSVINIT +UTMP +LIBCRYPTSETUP +GCRYPT +GNUTLS +ACL +XZ -LZ4 +SECCOMP +BLKID +ELFUTILS +KMOD -IDN)
[    5.168783] systemd[1]: Detected virtualization oracle.
[    5.170913] systemd[1]: Detected architecture x86-64.

Welcome to [1mUbuntu 16.04.6 LTS[0m!

[    5.176985] systemd[1]: Set hostname to <agent-01>.
[    5.370370] systemd[1]: [/etc/systemd/system/k3s-agent.service:10] Failed to parse service type, ignoring: exec
[    5.387948] systemd[1]: Set up automount Arbitrary Executable File Formats File System Automount Point.
[[0;32m  OK  [0m] Set up automount Arbitrary Executab...ats File System Automount Point.
[    5.395776] systemd[1]: Listening on LVM2 metadata daemon socket.
[[0;32m  OK  [0m] Listening on LVM2 metadata daemon socket.
[    5.400627] systemd[1]: Listening on Device-mapper event daemon FIFOs.
[[0;32m  OK  [0m] Listening on Device-mapper event daemon FIFOs.
[    5.413119] systemd[1]: Listening on Journal Audit Socket.
[[0;32m  OK  [0m] Listening on Journal Audit Socket.
[    5.417862] systemd[1]: Started Forward Password Requests to Wall Directory Watch.
[[0;32m  OK  [0m] Started Forward Password Requests to Wall Directory Watch.
[    5.424561] systemd[1]: Created slice System Slice.
[[0;32m  OK  [0m] Created slice System Slice.
[    5.428690] systemd[1]: Listening on udev Kernel Socket.
[[0;32m  OK  [0m] Listening on udev Kernel Socket.
[    5.433398] systemd[1]: Listening on Journal Socket (/dev/log).
[[0;32m  OK  [0m] Listening on Journal Socket (/dev/log).
[    5.438319] systemd[1]: Listening on Journal Socket.
[[0;32m  OK  [0m] Listening on Journal Socket.
[    5.460838] systemd[1]: Mounting Huge Pages File System...
         Mounting Huge Pages File System...
[    5.466421] systemd[1]: Starting Set console keymap...
         Starting Set console keymap...
[    5.471355] systemd[1]: Starting Remount Root and Kernel File Systems...
         Starting Remount Root and Kernel File Systems...
[    5.477298] systemd[1]: Starting Monitoring of LVM2 mirrors, snapshots etc. using dmeventd or progress polling...
         Starting Monitoring of LVM2 mirrors... dmeventd or progress polling...
[    5.484853] systemd[1]: Reached target Encrypted Volumes.
[[0;32m  OK  [0m] Reached target Encrypted Volumes.
[    5.491490] systemd[1]: Reached target System Time Synchronized.
[[0;32m  OK  [0m] Reached target System Time Synchronized.
[    5.496037] EXT4-fs (sda1): re-mounted. Opts: (null)
[    5.502569] systemd[1]: Starting Create list of required static device nodes for the current kernel...
         Starting Create list of required st... nodes for the current kernel...
[    5.561005] systemd[1]: Mounting POSIX Message Queue File System...
         Mounting POSIX Message Queue File System...
[    5.573908] systemd[1]: Mounting Debug File System...
         Mounting Debug File System...
[    5.578886] systemd[1]: Reached target Swap.
[[0;32m  OK  [0m] Reached target Swap.
[    5.583169] systemd[1]: Starting Uncomplicated firewall...
         Starting Uncomplicated firewall...
[    5.592384] systemd[1]: Starting Load Kernel Modules...
         Starting Load Kernel Modules...
[    5.604169] Loading iSCSI transport class v2.0-870.
[    5.607519] systemd[1]: Starting Nameserver information manager...
         Starting Nameserver information manager...
[    5.621990] systemd[1]: Created slice system-serial\x2dgetty.slice.
[    5.628605] iscsi: registered transport (tcp)
[[0;32m  OK  [0m] Created slice system-serial\x2dgetty.slice.
[    5.631807] systemd[1]: Started Trigger resolvconf update for networkd DNS.
[[0;32m  OK  [0m] Started Trigger resolvconf update for networkd DNS.
[    5.637575] systemd[1]: Listening on /dev/initctl Compatibility Named Pipe.
[[0;32m  OK  [0m] Listening on /dev/initctl Compatibility Named Pipe.
[    5.650012] systemd[1]: Listening on Syslog Socket.
[[0;32m  OK  [0m] Listening on Syslog Socket.
[    5.671393] iscsi: registered transport (iser)
[    5.676985] systemd[1]: Starting Journal Service...
         Starting Journal Service...
[    5.689486] systemd[1]: Listening on LVM2 poll daemon socket.
[[0;32m  OK  [0m] Listening on LVM2 poll daemon socket.
[    5.695979] systemd[1]: Listening on udev Control Socket.
[[0;32m  OK  [0m] Listening on udev Control Socket.
[    5.709011] systemd[1]: Reached target User and Group Name Lookups.
[[0;32m  OK  [0m] Reached target User and Group Name Lookups.
[    5.723992] systemd[1]: Created slice User and Session Slice.
[[0;32m  OK  [0m] Created slice User and Session Slice.
[    5.745116] systemd[1]: Reached target Slices.
[[0;32m  OK  [0m] Reached target Slices.
[    5.770075] systemd[1]: Mounted Huge Pages File System.
[[0;32m  OK  [0m] Mounted Huge Pages File System.
[    5.774393] systemd[1]: Mounted Debug File System.
[[0;32m  OK  [0m] Mounted Debug File System.
[    5.778039] systemd[1]: Mounted POSIX Message Queue File System.
[[0;32m  OK  [0m] Mounted POSIX Message Queue File System.
[    5.782979] systemd[1]: Started Journal Service.
[[0;32m  OK  [0m] Started Journal Service.
[[0;32m  OK  [0m] Started Set console keymap.
[[0;32m  OK  [0m] Started Remount Root and Kernel File Systems.
[[0;32m  OK  [0m] Started Create list of required sta...ce nodes for the current kernel.
[[0;32m  OK  [0m] Started Uncomplicated firewall.
[[0;32m  OK  [0m] Started Load Kernel Modules.
[[0;32m  OK  [0m] Started LVM2 metadata daemon.
         Mounting FUSE Control File System...
         Starting Apply Kernel Variables...
         Starting Create Static Device Nodes in /dev...
         Starting Load/Save Random Seed...
         Starting udev Coldplug all Devices...
         Starting Flush Journal to Persistent Storage...
[[0;32m  OK  [0m] Mounted FUSE Control File System.
[[0;32m  OK  [0m] Started Nameserver information manager.
[[0;32m  OK  [0m] Started Load/Save Random Seed.
[[0;32m  OK  [0m] Started Apply Kernel Variables.
[[0;32m  OK  [0m] Started Create Static Device Nodes in /dev.
         Starting udev Kernel Device Manager...
[[0;32m  OK  [0m] Started Flush Journal to Persistent Storage.
[[0;32m  OK  [0m] Started udev Kernel Device Manager.
[[0;32m  OK  [0m] Started udev Coldplug all Devices.
[[0;32m  OK  [0m] Started Dispatch Password Requests to Console Directory Watch.
[[0;32m  OK  [0m] Started Monitoring of LVM2 mirrors,...ng dmeventd or progress polling.
[[0;32m  OK  [0m] Reached target Local File Systems (Pre).
[[0;32m  OK  [0m] Reached target Local File Systems.
         Starting Create Volatile Files and Directories...
         Starting Tell Plymouth To Write Out Runtime Data...
         Starting LSB: AppArmor initialization...
         Starting Set console font and keymap...
         Starting Initial cloud-init job (pre-networking)...
[[0;32m  OK  [0m] Started Create Volatile Files and Directories.
[[0;32m  OK  [0m] Started Tell Plymouth To Write Out Runtime Data.
         Starting Update UTMP about System Boot/Shutdown...
[[0;32m  OK  [0m] Found device /dev/ttyS0.
[[0;32m  OK  [0m] Started Update UTMP about System Boot/Shutdown.
[[0;32m  OK  [0m] Listening on Load/Save RF Kill Switch Status /dev/rfkill Watch.
[[0;32m  OK  [0m] Started LSB: AppArmor initialization.
[[0;32m  OK  [0m] Found device Virtio network device.
[[0;32m  OK  [0m] Found device 82540EM Gigabit Ethern...r (PRO/1000 MT Desktop Adapter).
[[0;32m  OK  [0m] Started Set console font and keymap.
[[0;32m  OK  [0m] Created slice system-getty.slice.
[    7.572225] cloud-init[498]: Cloud-init v. 19.4-33-gbb4131a2-0ubuntu1~16.04.1 running 'init-local' at Sat, 11 Apr 2020 01:35:53 +0000. Up 6.97 seconds.
[[0;32m  OK  [0m] Started Initial cloud-init job (pre-networking).
[[0;32m  OK  [0m] Reached target Network (Pre).
[[0;32m  OK  [0m] Started ifup for enp0s3.
[[0;32m  OK  [0m] Started ifup for enp0s8.
         Starting Raise network interfaces...
[[0;32m  OK  [0m] Started Raise network interfaces.
         Starting Initial cloud-init job (metadata service crawler)...
[[0;32m  OK  [0m] Reached target Network.
[    8.750883] cloud-init[1080]: Cloud-init v. 19.4-33-gbb4131a2-0ubuntu1~16.04.1 running 'init' at Sat, 11 Apr 2020 01:35:54 +0000. Up 8.36 seconds.
[    8.758102] cloud-init[1080]: ci-info: ++++++++++++++++++++++++++++++++++++++Net device info+++++++++++++++++++++++++++++++++++++++
[    8.763476] cloud-init[1080]: ci-info: +--------+------+-----------------------------+---------------+--------+-------------------+
[    8.770343] cloud-init[1080]: ci-info: | Device |  Up  |           Address           |      Mask     | Scope  |     Hw-Address    |
[    8.775114] cloud-init[1080]: ci-info: +--------+------+-----------------------------+---------------+--------+-------------------+
[    8.779803] cloud-init[1080]: ci-info: | enp0s3 | True |          10.0.2.15          | 255.255.255.0 | global | 02:ba:b8:ca:39:a3 |
[    8.785018] cloud-init[1080]: ci-info: | enp0s3 | True |  fe80::ba:b8ff:feca:39a3/64 |       .       |  link  | 02:ba:b8:ca:39:a3 |
[    8.791453] cloud-init[1080]: ci-info: | enp0s8 | True |        192.168.44.11        | 255.255.255.0 | global | 08:00:27:ec:ab:37 |
[    8.796538] cloud-init[1080]: ci-info: | enp0s8 | True | fe80::a00:27ff:feec:ab37/64 |       .       |  link  | 08:00:27:ec:ab:37 |
[    8.809678] cloud-init[1080]: ci-info: |   lo   | True |          127.0.0.1          |   255.0.0.0   |  host  |         .         |
[    8.825963] cloud-init[1080]: ci-info: |   lo   | True |           ::1/128           |       .       |  host  |         .         |
[    8.837669] cloud-init[1080]: ci-info: +--------+------+-----------------------------+---------------+--------+-------------------+
[    8.856255] cloud-init[1080]: ci-info: ++++++++++++++++++++++++++++Route IPv4 info++++++++++++++++++++++++++++
[    8.867480] cloud-init[1080]: ci-info: +-------+--------------+----------+---------------+-----------+-------+
[    8.883706] cloud-init[1080]: ci-info: | Route | Destination  | Gateway  |    Genmask    | Interface | Flags |
[    8.907026] cloud-init[1080]: ci-info: +-------+--------------+----------+---------------+-----------+-------+
[    8.927876] cloud-init[1080]: ci-info: |   0   |   0.0.0.0    | 10.0.2.2 |    0.0.0.0    |   enp0s3  |   UG  |
[    8.946747] cloud-init[1080]: ci-info: |   1   |   10.0.2.0   | 0.0.0.0  | 255.255.255.0 |   enp0s3  |   U   |
[    8.949153] cloud-init[1080]: ci-info: |   2   | 192.168.44.0 | 0.0.0.0  | 255.255.255.0 |   enp0s8  |   U   |
[    8.951770] cloud-init[1080]: ci-info: +-------+--------------+----------+---------------+-----------+-------+
[    8.954274] cloud-init[1080]: ci-info: +++++++++++++++++++Route IPv6 info+++++++++++++++++++
[    8.956755] cloud-init[1080]: ci-info: +-------+-------------+---------+-----------+-------+
[    8.958956] cloud-init[1080]: ci-info: | Route | Destination | Gateway | Interface | Flags |
[    8.960759] cloud-init[1080]: ci-info: +-------+-------------+---------+-----------+-------+
[    8.963089] cloud-init[1080]: ci-info: |   0   |  fe80::/64  |    ::   |   enp0s8  |   U   |
[    8.965229] cloud-init[1080]: ci-info: |   1   |  fe80::/64  |    ::   |   enp0s3  |   U   |
[    8.967174] cloud-init[1080]: ci-info: |   4   |   ff00::/8  |    ::   |   enp0s8  |   U   |
[    8.969202] cloud-init[1080]: ci-info: |   5   |   ff00::/8  |    ::   |   enp0s3  |   U   |
[    8.971709] cloud-init[1080]: ci-info: +-------+-------------+---------+-----------+-------+
[[0;32m  OK  [0m] Started Initial cloud-init job (metadata service crawler).
[[0;32m  OK  [0m] Reached target System Initialization.
         Starting LXD - unix socket.
[[0;32m  OK  [0m] Started Message of the Day.
[[0;32m  OK  [0m] Started ACPI Events Check.
[[0;32m  OK  [0m] Reached target Paths.
[[0;32m  OK  [0m] Listening on D-Bus System Message Bus Socket.
[[0;32m  OK  [0m] Listening on ACPID Listen Socket.
[[0;32m  OK  [0m] Started Daily Cleanup of Temporary Directories.
[[0;32m  OK  [0m] Listening on UUID daemon activation socket.
         Starting Socket activation for snappy daemon.
[[0;32m  OK  [0m] Started Daily apt download activities.
[[0;32m  OK  [0m] Started Daily apt upgrade and clean activities.
[[0;32m  OK  [0m] Reached target Timers.
[[0;32m  OK  [0m] Reached target Cloud-config availability.
[[0;32m  OK  [0m] Reached target Network is Online.
         Starting iSCSI initiator daemon (iscsid)...
[[0;32m  OK  [0m] Listening on LXD - unix socket.
[[0;32m  OK  [0m] Listening on Socket activation for snappy daemon.
[[0;32m  OK  [0m] Reached target Sockets.
[[0;32m  OK  [0m] Reached target Basic System.
         Starting Accounts Service...
         Starting System Logging Service...
[[0;32m  OK  [0m] Started D-Bus System Message Bus.
[[0;32m  OK  [0m] Started Regular background program processing daemon.
         Starting Virtualbox guest utils...
         Starting /etc/rc.local Compatibility...
         Starting Lightweight Kubernetes...
[[0;32m  OK  [0m] Started FUSE filesystem for LXC.
         Starting Login Service...
         Starting OpenBSD Secure Shell server...
         Starting LSB: MD monitoring daemon...
         Starting LSB: Record successful boot for GRUB...
         Starting Snappy daemon...
[[0;32m  OK  [0m] Started Deferred execution scheduler.
[[0;32m  OK  [0m] Started ACPI event daemon.
         Starting LXD - container startup/shutdown...
[[0;32m  OK  [0m] Started System Logging Service.
[[0;32m  OK  [0m] Started iSCSI initiator daemon (iscsid).
[[0;32m  OK  [0m] Started /etc/rc.local Compatibility.
         Starting Authenticate and Authorize Users to Run Privileged Tasks...
         Starting Login to default iSCSI targets...
[[0;32m  OK  [0m] Started Login Service.
[[0;32m  OK  [0m] Started Unattended Upgrades Shutdown.
[[0;32m  OK  [0m] Started Login to default iSCSI targets.
[[0;32m  OK  [0m] Reached target Remote File Systems (Pre).
[[0;32m  OK  [0m] Reached target Remote File Systems.
         Starting LSB: daemon to balance interrupts for SMP systems...
         Starting LSB: Set the CPU Frequency Scaling governor to "ondemand"...
         Starting Permit User Sessions...
         Starting LSB: automatic crash report generation...
[[0;32m  OK  [0m] Started LSB: MD monitoring daemon.
[[0;32m  OK  [0m] Started Lightweight Kubernetes.
[[0;32m  OK  [0m] Started Permit User Sessions.
[[0;32m  OK  [0m] Started LSB: Record successful boot for GRUB.
         Starting Hold until boot process finishes up...
         Starting Terminate Plymouth Boot Screen...
[[0;32m  OK  [0m] Started OpenBSD Secure Shell server.
[[0;32m  OK  [0m] Started LSB: Set the CPU Frequency Scaling governor to "ondemand".
[[0;32m  OK  [0m] Started Hold until boot process finishes up.
[[0;32m  OK  [0m] Started Authenticate and Authorize Users to Run Privileged Tasks.
[[0;32m  OK  [0m] Started Getty on tty1.
[[0;32m  OK  [0m] Started Serial Getty on ttyS0.
[[0;32m  OK  [0m] Reached target Login Prompts.
         Starting Set console scheme...
[[0;32m  OK  [0m] Started Terminate Plymouth Boot Screen.
[[0;32m  OK  [0m] Started Accounts Service.
[[0;32m  OK  [0m] Started Set console scheme.
[[0;32m  OK  [0m] Started LSB: daemon to balance interrupts for SMP systems.
[[0;32m  OK  [0m] Started LSB: automatic crash report generation.
[[0;32m  OK  [0m] Started Virtualbox guest utils.
[[0;32m  OK  [0m] Started LXD - container startup/shutdown.
[[0;32m  OK  [0m] Started Snappy daemon.
         Starting Wait until snapd is fully seeded...
[[0;32m  OK  [0m] Started Wait until snapd is fully seeded.
         Starting Apply the settings specified in cloud-config...
[[0;32m  OK  [0m] Reached target Multi-User System.
[[0;32m  OK  [0m] Reached target Graphical Interface.
         Starting Update UTMP about System Runlevel Changes...
[[0;32m  OK  [0m] Started Update UTMP about System Runlevel Changes.
[   10.791843] cloud-init[1375]: Cloud-init v. 19.4-33-gbb4131a2-0ubuntu1~16.04.1 running 'modules:config' at Sat, 11 Apr 2020 01:35:56 +0000. Up 10.58 seconds.
[[0;32m  OK  [0m] Started Apply the settings specified in cloud-config.
         Starting Execute cloud user/final scripts...
[[0;32m  OK  [0m] Created slice User Slice of vagrant.
         Starting User Manager for UID 1000...
[[0;32m  OK  [0m] Started Session 1 of user vagrant.
[[0;32m  OK  [0m] Started User Manager for UID 1000.
[   12.100061] cloud-init[1393]: Cloud-init v. 19.4-33-gbb4131a2-0ubuntu1~16.04.1 running 'modules:final' at Sat, 11 Apr 2020 01:35:58 +0000. Up 11.85 seconds.
[   12.107168] cloud-init[1393]: Cloud-init v. 19.4-33-gbb4131a2-0ubuntu1~16.04.1 finished at Sat, 11 Apr 2020 01:35:58 +0000. Datasource DataSourceNoCloud [seed=/dev/sdb][dsmode=net].  Up 12.08 seconds
[[0;32m  OK  [0m] Started Execute cloud user/final scripts.
[[0;32m  OK  [0m] Reached target Cloud-init target.

Ubuntu 16.04.6 LTS agent-01 ttyS0

agent-01 login: 